[    0.000000] Initializing cgroup subsys cpuset
[    0.000000] Initializing cgroup subsys cpu
[    0.000000] Initializing cgroup subsys cpuacct
[    0.000000] Linux version 4.4.0-133-generic (buildd@lgw01-amd64-029) (gcc version 5.4.0 20160609 (Ubuntu 5.4.0-6ubuntu1~16.04.10) ) #159-Ubuntu SMP Fri Aug 10 07:31:43 UTC 2018 (Ubuntu 4.4.0-133.159-generic 4.4.134)
[    0.000000] Command line: BOOT_IMAGE=/boot/vmlinuz-4.4.0-133-generic root=LABEL=cloudimg-rootfs ro console=tty1 console=ttyS0
[    0.000000] KERNEL supported cpus:
[    0.000000]   Intel GenuineIntel
[    0.000000]   AMD AuthenticAMD
[    0.000000]   Centaur CentaurHauls
[    0.000000] x86/fpu: xstate_offset[2]:  576, xstate_sizes[2]:  256
[    0.000000] x86/fpu: Supporting XSAVE feature 0x01: 'x87 floating point registers'
[    0.000000] x86/fpu: Supporting XSAVE feature 0x02: 'SSE registers'
[    0.000000] x86/fpu: Supporting XSAVE feature 0x04: 'AVX registers'
[    0.000000] x86/fpu: Enabled xstate features 0x7, context size is 832 bytes, using 'standard' format.
[    0.000000] x86/fpu: Using 'eager' FPU context switches.
[    0.000000] e820: BIOS-provided physical RAM map:
[    0.000000] BIOS-e820: [mem 0x0000000000000000-0x000000000009fbff] usable
[    0.000000] BIOS-e820: [mem 0x000000000009fc00-0x000000000009ffff] reserved
[    0.000000] BIOS-e820: [mem 0x00000000000f0000-0x00000000000fffff] reserved
[    0.000000] BIOS-e820: [mem 0x0000000000100000-0x000000007ffeffff] usable
[    0.000000] BIOS-e820: [mem 0x000000007fff0000-0x000000007fffffff] ACPI data
[    0.000000] BIOS-e820: [mem 0x00000000fec00000-0x00000000fec00fff] reserved
[    0.000000] BIOS-e820: [mem 0x00000000fee00000-0x00000000fee00fff] reserved
[    0.000000] BIOS-e820: [mem 0x00000000fffc0000-0x00000000ffffffff] reserved
[    0.000000] NX (Execute Disable) protection: active
[    0.000000] SMBIOS 2.5 present.
[    0.000000] Hypervisor detected: KVM
[    0.000000] e820: last_pfn = 0x7fff0 max_arch_pfn = 0x400000000
[    0.000000] MTRR: Disabled
[    0.000000] x86/PAT: MTRRs disabled, skipping PAT initialization too.
[    0.000000] CPU MTRRs all blank - virtualized system.
[    0.000000] x86/PAT: Configuration [0-7]: WB  WT  UC- UC  WB  WT  UC- UC  
[    0.000000] found SMP MP-table at [mem 0x0009fff0-0x0009ffff] mapped at [ffff88000009fff0]
[    0.000000] Scanning 1 areas for low memory corruption
[    0.000000] RAMDISK: [mem 0x3630c000-0x3717dfff]
[    0.000000] ACPI: Early table checksum verification disabled
[    0.000000] ACPI: RSDP 0x00000000000E0000 000024 (v02 VBOX  )
[    0.000000] ACPI: XSDT 0x000000007FFF0030 00003C (v01 VBOX   VBOXXSDT 00000001 ASL  00000061)
[    0.000000] ACPI: FACP 0x000000007FFF00F0 0000F4 (v04 VBOX   VBOXFACP 00000001 ASL  00000061)
[    0.000000] ACPI: DSDT 0x000000007FFF0470 0021C8 (v02 VBOX   VBOXBIOS 00000002 INTL 20140214)
[    0.000000] ACPI: FACS 0x000000007FFF0200 000040
[    0.000000] ACPI: FACS 0x000000007FFF0200 000040
[    0.000000] ACPI: APIC 0x000000007FFF0240 00005C (v02 VBOX   VBOXAPIC 00000001 ASL  00000061)
[    0.000000] ACPI: SSDT 0x000000007FFF02A0 0001CC (v01 VBOX   VBOXCPUT 00000002 INTL 20140214)
[    0.000000] No NUMA configuration found
[    0.000000] Faking a node at [mem 0x0000000000000000-0x000000007ffeffff]
[    0.000000] NODE_DATA(0) allocated [mem 0x7ffeb000-0x7ffeffff]
[    0.000000] kvm-clock: Using msrs 4b564d01 and 4b564d00
[    0.000000] kvm-clock: cpu 0, msr 0:7ffe3001, primary cpu clock
[    0.000000] kvm-clock: using sched offset of 3538307592 cycles
[    0.000000] clocksource: kvm-clock: mask: 0xffffffffffffffff max_cycles: 0x1cd42e4dffb, max_idle_ns: 881590591483 ns
[    0.000000] Zone ranges:
[    0.000000]   DMA      [mem 0x0000000000001000-0x0000000000ffffff]
[    0.000000]   DMA32    [mem 0x0000000001000000-0x000000007ffeffff]
[    0.000000]   Normal   empty
[    0.000000]   Device   empty
[    0.000000] Movable zone start for each node
[    0.000000] Early memory node ranges
[    0.000000]   node   0: [mem 0x0000000000001000-0x000000000009efff]
[    0.000000]   node   0: [mem 0x0000000000100000-0x000000007ffeffff]
[    0.000000] Initmem setup node 0 [mem 0x0000000000001000-0x000000007ffeffff]
[    0.000000] ACPI: PM-Timer IO Port: 0x4008
[    0.000000] IOAPIC[0]: apic_id 2, version 32, address 0xfec00000, GSI 0-23
[    0.000000] ACPI: INT_SRC_OVR (bus 0 bus_irq 0 global_irq 2 dfl dfl)
[    0.000000] ACPI: INT_SRC_OVR (bus 0 bus_irq 9 global_irq 9 high level)
[    0.000000] Using ACPI (MADT) for SMP configuration information
[    0.000000] smpboot: Allowing 2 CPUs, 0 hotplug CPUs
[    0.000000] PM: Registered nosave memory: [mem 0x00000000-0x00000fff]
[    0.000000] PM: Registered nosave memory: [mem 0x0009f000-0x0009ffff]
[    0.000000] PM: Registered nosave memory: [mem 0x000a0000-0x000effff]
[    0.000000] PM: Registered nosave memory: [mem 0x000f0000-0x000fffff]
[    0.000000] e820: [mem 0x80000000-0xfebfffff] available for PCI devices
[    0.000000] Booting paravirtualized kernel on KVM
[    0.000000] clocksource: refined-jiffies: mask: 0xffffffff max_cycles: 0xffffffff, max_idle_ns: 7645519600211568 ns
[    0.000000] setup_percpu: NR_CPUS:512 nr_cpumask_bits:512 nr_cpu_ids:2 nr_node_ids:1
[    0.000000] PERCPU: Embedded 34 pages/cpu @ffff88007fc00000 s99544 r8192 d31528 u1048576
[    0.000000] PV qspinlock hash table entries: 256 (order: 0, 4096 bytes)
[    0.000000] Built 1 zonelists in Node order, mobility grouping on.  Total pages: 515960
[    0.000000] Policy zone: DMA32
[    0.000000] Kernel command line: BOOT_IMAGE=/boot/vmlinuz-4.4.0-133-generic root=LABEL=cloudimg-rootfs ro console=tty1 console=ttyS0
[    0.000000] PID hash table entries: 4096 (order: 3, 32768 bytes)
[    0.000000] Memory: 2029904K/2096696K available (8550K kernel code, 1314K rwdata, 4004K rodata, 1528K init, 1316K bss, 66792K reserved, 0K cma-reserved)
[    0.000000] SLUB: HWalign=64, Order=0-3, MinObjects=0, CPUs=2, Nodes=1
[    0.000000] Kernel/User page tables isolation: enabled
[    0.000000] Hierarchical RCU implementation.
[    0.000000] 	Build-time adjustment of leaf fanout to 64.
[    0.000000] 	RCU restricting CPUs from NR_CPUS=512 to nr_cpu_ids=2.
[    0.000000] RCU: Adjusting geometry for rcu_fanout_leaf=64, nr_cpu_ids=2
[    0.000000] NR_IRQS:33024 nr_irqs:440 16
[    0.000000] Console: colour VGA+ 80x25
[    0.000000] console [tty1] enabled
[    0.000000] console [ttyS0] enabled
[    0.000000] tsc: Detected 2993.200 MHz processor
[    5.427898] Calibrating delay loop (skipped) preset value.. 5986.40 BogoMIPS (lpj=11972800)
[    5.662717] pid_max: default: 32768 minimum: 301
[    5.794312] ACPI: Core revision 20150930
[    5.913706] ACPI: 2 ACPI AML tables successfully acquired and loaded
[    5.997706] Security Framework initialized
[    6.013378] Yama: becoming mindful.
[    6.083887] AppArmor: AppArmor initialized
[    6.113565] Dentry cache hash table entries: 262144 (order: 9, 2097152 bytes)
[    6.132029] Inode-cache hash table entries: 131072 (order: 8, 1048576 bytes)
[    6.147965] Mount-cache hash table entries: 4096 (order: 3, 32768 bytes)
[    6.165012] Mountpoint-cache hash table entries: 4096 (order: 3, 32768 bytes)
[    6.168966] Initializing cgroup subsys io
[    6.213417] Initializing cgroup subsys memory
[    6.310128] Initializing cgroup subsys devices
[    6.375042] Initializing cgroup subsys freezer
[    6.419518] Initializing cgroup subsys net_cls
[    6.509419] Initializing cgroup subsys perf_event
[    6.647756] Initializing cgroup subsys net_prio
[    6.678729] Initializing cgroup subsys hugetlb
[    6.759646] Initializing cgroup subsys pids
[    6.762891] mce: CPU supports 0 MCE banks
[    6.763647] Last level iTLB entries: 4KB 512, 2MB 8, 4MB 8
[    6.885241] Last level dTLB entries: 4KB 512, 2MB 32, 4MB 32, 1GB 0
[    7.029947] Spectre V2 : Mitigation: Full generic retpoline
[    7.043709] Spectre V2 : Speculation control IBPB not-supported IBRS not-supported
[    7.235409] Speculative Store Bypass: Vulnerable
[    7.369850] Freeing SMP alternatives memory: 32K
[    7.435166] ftrace: allocating 32262 entries in 127 pages
[    7.619976] smpboot: APIC(0) Converting physical 0 to logical package 0
[    7.732408] smpboot: Max logical packages: 1
[    7.747351] x2apic enabled
[    7.766256] Switched APIC routing to physical x2apic.
[    7.860901] ..TIMER: vector=0x30 apic1=0 pin1=2 apic2=-1 pin2=-1
[    8.070746] smpboot: CPU0: Intel(R) Core(TM) i5-2320 CPU @ 3.00GHz (family: 0x6, model: 0x2a, stepping: 0x7)
[    8.346377] Performance Events: unsupported p6 CPU model 42 no PMU driver, software events only.
[    8.522229] KVM setup paravirtual spinlock
[    8.548336] x86: Booting SMP configuration:
[    8.667400] .... node  #0, CPUs:      #1
[    8.732373] kvm-clock: cpu 1, msr 0:7ffe3041, secondary cpu clock
[    8.994920] mce: CPU supports 0 MCE banks
[    9.156723] x86: Booted up 1 node, 2 CPUs
[    9.233208] smpboot: Total of 2 processors activated (11972.80 BogoMIPS)
[    9.402241] devtmpfs: initialized
[    9.502064] evm: security.selinux
[    9.531257] evm: security.SMACK64
[    9.548896] evm: security.SMACK64EXEC
[    9.596778] evm: security.SMACK64TRANSMUTE
[    9.621490] evm: security.SMACK64MMAP
[    9.715472] evm: security.ima
[    9.796807] evm: security.capability
[    9.808268] clocksource: jiffies: mask: 0xffffffff max_cycles: 0xffffffff, max_idle_ns: 7645041785100000 ns
[    9.831985] futex hash table entries: 512 (order: 3, 32768 bytes)
[    9.876244] pinctrl core: initialized pinctrl subsystem
[    9.901237] RTC time:  7:20:22, date: 12/11/18
[    9.902200] NET: Registered protocol family 16
[    9.914605] cpuidle: using governor ladder
[    9.950828] cpuidle: using governor menu
[    9.956887] PCCT header not found.
[    9.990793] ACPI: bus type PCI registered
[    9.997837] acpiphp: ACPI Hot Plug PCI Controller Driver version: 0.5
[   10.045703] PCI: Using configuration type 1 for base access
[   10.099229] ACPI: Added _OSI(Module Device)
[   10.167543] ACPI: Added _OSI(Processor Device)
[   10.205150] ACPI: Added _OSI(3.0 _SCP Extensions)
[   10.220182] ACPI: Added _OSI(Processor Aggregator Device)
[   10.232025] ACPI: Executed 1 blocks of module-level executable AML code
[   10.296483] ACPI: Interpreter enabled
[   10.348328] ACPI: (supports S0 S5)
[   10.350108] ACPI: Using IOAPIC for interrupt routing
[   10.352213] PCI: Using host bridge windows from ACPI; if necessary, use "pci=nocrs" and report a bug
[   10.594463] ACPI: PCI Root Bridge [PCI0] (domain 0000 [bus 00-ff])
[   10.699476] acpi PNP0A03:00: _OSC: OS supports [ASPM ClockPM Segments MSI]
[   10.870571] acpi PNP0A03:00: _OSC failed (AE_NOT_FOUND); disabling ASPM
[   11.041610] acpi PNP0A03:00: fail to add MMCONFIG information, can't access extended PCI configuration space under this bridge.
[   11.231268] PCI host bridge to bus 0000:00
[   11.310797] pci_bus 0000:00: root bus resource [io  0x0000-0x0cf7 window]
[   11.379358] pci_bus 0000:00: root bus resource [io  0x0d00-0xffff window]
[   11.392115] pci_bus 0000:00: root bus resource [mem 0x000a0000-0x000bffff window]
[   11.617398] pci_bus 0000:00: root bus resource [mem 0x80000000-0xffdfffff window]
[   11.707895] pci_bus 0000:00: root bus resource [bus 00-ff]
[   11.716626] pci 0000:00:01.1: legacy IDE quirk: reg 0x10: [io  0x01f0-0x01f7]
[   11.789153] pci 0000:00:01.1: legacy IDE quirk: reg 0x14: [io  0x03f6]
[   11.919611] pci 0000:00:01.1: legacy IDE quirk: reg 0x18: [io  0x0170-0x0177]
[   11.954642] pci 0000:00:01.1: legacy IDE quirk: reg 0x1c: [io  0x0376]
[   12.008229] pci 0000:00:07.0: quirk: [io  0x4000-0x403f] claimed by PIIX4 ACPI
[   12.025079] pci 0000:00:07.0: quirk: [io  0x4100-0x410f] claimed by PIIX4 SMB
[   12.077965] ACPI: PCI Interrupt Link [LNKA] (IRQs 5 9 10 *11)
[   12.102934] ACPI: PCI Interrupt Link [LNKB] (IRQs 5 9 10 *11)
[   12.233879] ACPI: PCI Interrupt Link [LNKC] (IRQs 5 9 *10 11)
[   12.341919] ACPI: PCI Interrupt Link [LNKD] (IRQs 5 *9 10 11)
[   12.468049] ACPI: Enabled 2 GPEs in block 00 to 07
[   12.575734] vgaarb: setting as boot device: PCI:0000:00:02.0
[   12.682631] vgaarb: device added: PCI:0000:00:02.0,decodes=io+mem,owns=io+mem,locks=none
[   12.849853] vgaarb: loaded
[   12.857236] vgaarb: bridge control possible 0000:00:02.0
[   12.883332] SCSI subsystem initialized
[   12.908050] ACPI: bus type USB registered
[   12.909916] usbcore: registered new interface driver usbfs
[   12.911965] usbcore: registered new interface driver hub
[   12.956401] usbcore: registered new device driver usb
[   12.985050] PCI: Using ACPI for IRQ routing
[   13.099318] NetLabel: Initializing
[   13.198973] NetLabel:  domain hash size = 128
[   13.302750] NetLabel:  protocols = UNLABELED CIPSOv4
[   13.364273] NetLabel:  unlabeled traffic allowed by default
[   13.523726] amd_nb: Cannot enumerate AMD northbridges
[   13.667256] clocksource: Switched to clocksource kvm-clock
[   13.765984] AppArmor: AppArmor Filesystem Enabled
[   13.869878] pnp: PnP ACPI init
[   13.937957] pnp: PnP ACPI: found 3 devices
[   14.033267] clocksource: acpi_pm: mask: 0xffffff max_cycles: 0xffffff, max_idle_ns: 2085701024 ns
[   14.182170] NET: Registered protocol family 2
[   14.239433] TCP established hash table entries: 16384 (order: 5, 131072 bytes)
[   14.331186] TCP bind hash table entries: 16384 (order: 6, 262144 bytes)
[   14.353341] TCP: Hash tables configured (established 16384 bind 16384)
[   14.369653] UDP hash table entries: 1024 (order: 3, 32768 bytes)
[   14.397766] UDP-Lite hash table entries: 1024 (order: 3, 32768 bytes)
[   14.555744] NET: Registered protocol family 1
[   14.609626] pci 0000:00:00.0: Limiting direct PCI/PCI transfers
[   14.768297] pci 0000:00:01.0: Activating ISA DMA hang workarounds
[   14.955807] Unpacking initramfs...
[   15.241838] Freeing initrd memory: 14792K
[   15.599137] RAPL PMU detected, PPI unit is 2^-32 Joules, 3 fixed counters 10737418240 msoovfl timer
[   16.459333] hw nnit of domain pp0-core 2^-0JJoules
[   16.919066] hw unit of domain package 2^-0 Joules
[   17.039054] h  unit of domain pp1-gpu 2^-0 Joules
[   17.329173] platform rtc_cmos: registered platform RTC device (no PNP device found)
[   18.063825] Scanning for low memory corruption every 60 seconds
[   18.227562] audit: initializing netlink subsys (disabled)
[   18.296509] audit: type=2000 audit(1544512823.524:1): initialized
[   18.359847] Initialise system trusted keyring
[   18.363321] tsc: Refined TSC clocksource calibration: 2993.598 MHz
[   18.363324] clocksource: tsc: mask: 0xffffffffffffffff max_cycles: 0x2b26a58c810, max_idle_ns: 440795226011 ns
[   18.762421] HugeTLB registered 2 MB page size, pre-allocated 0 pages
[   18.961135] zbud: loaded
[   19.023782] VFS: Disk quotas dquot_6.6.0
[   19.138756] VFS: Dquot-cache hash table entries: 512 (order 0, 4096 bytes)
[   19.338173] squashfs: version 4.0 (2009/01/31) Phillip Lougher
[   19.385435] fuse init (API version 7.23)
[   19.486906] Key type big_key registered
[   19.571310] Allocating IMA MOK and blacklist keyrings.
[   19.578309] Key type asymmetric registered
[   19.683425] Asymmetric key parser 'x509' registered
[   19.702150] Block layer SCSI generic (bsg) driver version 0.4 loaded (major 249)
[   19.784361] io scheduler noop registered
[   19.797015] io scheduler deadline registered (default)
[   19.799552] io scheduler cfq registered
[   19.848093] pci_hotplug: PCI Hot Plug PCI Core version: 0.5
[   19.895626] pciehp: PCI Express Hot Plug Controller Driver version: 0.4
[   19.911521] ACPI: AC Adapter [AC] (on-line)
[   19.959861] input: Power Button as /devices/LNXSYSTM:00/LNXPWRBN:00/input/input0
[   19.995141] ACPI: Power Button [PWRF]
[   19.997036] input: Sleep Button as /devices/LNXSYSTM:00/LNXSLPBN:00/input/input1
[   20.135491] ACPI: Sleep Button [SLPF]
[   20.203823] GHES: HEST is not enabled!
[   20.265217] Serial: 8250/16550 driver, 32 ports, IRQ sharing enabled
[   20.421431] 00:02: ttyS0 at I/O 0x3f8 (irq = 4, base_baud = 115200) is a 16550A
[   20.580741] Linux agpgart interface v0.103
[   20.601609] loop: module loaded
[   20.620217] scsi host0: ata_piix
[   20.849295] scsi host1: ata_piix
[   21.039187] ata1: PATA max UDMA/33 cmd 0x1f0 ctl 0x3f6 bmdma 0xd000 irq 14
[   21.549400] ata2: PATA max UDMA/33 cmd 0x170 ctl 0x376 bmdma 0xd008 irq 15
[   21.729749] libphy: Fixed MDIO Bus: probed
[   21.839349] tun: Universal TUN/TAP device driver, 1.6
[   21.879542] tun: (C) 1999-2004 Max Krasnyansky <maxk@qualcomm.com>
[   21.979743] PPP generic driver version 2.4.2
[   22.229193] ehci_hcd: USB 2.0 'Enhanced' Host Conrroller (EHCI) Driver
[   22.539214] ehci-pci: EHCI PCI platform driver
[   22.669341] ehci-platform: EHCI generic platform driver
[   22.699515] ohci_hcd: USB 1.1 'Open' Host Controller (OHCI) Driver
[   23.019125] ohci-pci: OHCI PCI platform driver
[   23.109413] ohci-platform: OHCI generic platform driver
[   23.169625] uhci_hcd: USB Universal Host Controller Interface driver
[   23.209744] i8042: PNP: PS/2 Controller [PNP0303:PS2K,PNP0f03:PS2M] at 0x60,0x64 irq 1,12
[   23.230176] serio: i8042 KBD port at 0x60,0x64 irq 1
[   23.539161] serio: i8042 AUX port at 0x60,0x64 irq 12
[   23.779467] mousedev: PS/2 mouse device common for all mice
[   24.168050] rtc_cmos rtc_cmos: rtc core: registered rtc_cmos as rtc0
[   24.459911] input: AT Translated Set 2 keyboard as /devices/platform/i8042/serio0/input/input2
[   24.939676] rtc_cmos rtc_cmos: alarms up to one day, 114 bytes nvram
[   25.339311] i2c /dev entries driver
[   25.549257] device-mapper: uevent: version 1.0.3
[   25.570381] device-mapper: ioctl: 4.34.0-ioctl (2015-10-28) initialised: dm-devel@redhat.com
[   25.704499] ledtrig-cpu: registered to indicate activity on CPUs
[   25.803975] NET: Registered protocol family 10
[   25.884832] NET: Registered protocol family 17
[   25.935734] Key type dns_resolver registered
[   25.998538] registered taskstats version 1
[   26.095380] Loading compiled-in X.509 certificates
[   26.234423] Loaded X.509 cert 'Build time autogenerated kernel key: 2bd7eec8ea2fedbeeda78e0b663eb647cf617c40'
[   26.492316] zswap: loaded using pool lzo/zbud
[   26.612089] Key type trusted registered
[   26.701997] Key type encrypted registered
[   26.814444] AppArmor: AppArmor sha1 policy hashing enabled
[   26.960843] ima: No TPM chip found, activating TPM-bypass!
[   27.007579] ima: Allocated hash algorithm: sha1
[   27.010623] evm: HMAC attrs: 0x1
[   27.068215]   Magic number: 14:873:318
[   27.086489] tty tty43: hash matches
[   27.117447] rtc_cmos rtc_cmos: setting system clock to 2018-12-11 07:20:39 UTC (1544512839)
[   27.184381] BIOS EDD facility v0.16 2004-Jun-25, 0 devices found
[   27.280559] EDD information not available.
[   27.327871] Freeing unused kernel memory: 1528K
[   27.343366] Write protecting the kernel read-only data: 14336k
[   27.492751] Freeing unused kernel memory: 1676K
[   27.566676] Freeing unused kernel memory: 92K
Loading, please [   27.690152] random: systemd-udevd: uninitialized urandom read (16 bytes read, 6 bits of entropy available)
wait...
startin[   27.690894] random: udevadm: uninitialized urandom read (16 bytes read, 6 bits of entropy available)
g version 229
[   27.690922] random: udevadm: uninitialized urandom read (16 bytes read, 6 bits of entropy available)
[   27.705735] random: udevadm: uninitialized urandom read (16 bytes read, 6 bits of entropy available)
[   27.705796] random: udevadm: uninitialized urandom read (16 bytes read, 6 bits of entropy available)
[   27.706013] random: udevadm: uninitialized urandom read (16 bytes read, 6 bits of entropy available)
[   27.706099] random: udevadm: uninitialized urandom read (16 bytes read, 6 bits of entropy available)
[   27.706183] random: udevadm: uninitialized urandom read (16 bytes read, 6 bits of entropy available)
[   27.706272] random: udevadm: uninitialized urandom read (16 bytes read, 6 bits of entropy available)
[   27.706355] random: udevadm: uninitialized urandom read (16 bytes read, 6 bits of entropy available)
[   28.616821] e1000: Intel(R) PRO/1000 Network Driver - version 7.3.21-k8-NAPI
[   29.019210] e1000: Copyright (c) 1999-2006 Intel Corporation.
[   29.267914] Fusion MPT base driver 3.04.20
[   29.339502] Copyright (c) 1999-2008 LSI Corporation
[   29.357260] AVX version of gcm_enc/dec engaged.
[   29.376088] AES CTR mode by8 optimization enabled
[   29.384922] Fusion MPT SPI Host driver 3.04.20
[   29.464760] input: ImExPS/2 Generic Explorer Mouse as /devices/platform/i8042/serio1/input/input4
[   29.705650] e1000 0000:00:03.0 eth0: (PCI:33MHz:32-bit) 02:48:3e:15:b5:0c
[   30.279223] e1000 0000:00:03.0 eth0: Intel(R) PRO/1000 Network Connection
[   30.670166] mptbase: ioc0: Initiating bringup
[   30.670528] e1000 0000:00:03.0 enp0s3: renamed from eth0
[   31.003565] ioc0: LSI53C1030 A0: Capabilities={Initiator}
[   31.314113] scsi host2: ioc0: LSI53C1030 A0, FwRev=00000000h, Ports=1, MaxQ=256, IRQ=20
[   31.576501] scsi 2:0:0:0: Direct-Access     VBOX     HARDDISK         1.0  PQ: 0 ANSI: 5
[   31.733108] scsi target2:0:0: Beginning Domain Validation
[   31.898853] scsi target2:0:0: Domain Validation skipping write tests
[   31.930689] scsi target2:0:0: Ending Domain Validation
[   32.029912] scsi target2:0:0: asynchronous
[   32.049505] scsi 2:0:1:0: Direct-Access     VBOX     HARDDISK         1.0  PQ: 0 ANSI: 5
[   32.104543] scsi target2:0:1: Beginning Domain Validation
[   32.231863] scsi target2:0:1: Domain Validation skipping write tests
[   32.418580] scsi target2:0:1: Ending Domain Validation
[   32.563631] scsi target2:0:1: asynchronous
[   32.616709] sd 2:0:0:0: Attached scsi generic sg0 type 0
[   32.616800] sd 2:0:0:0: [sda] 20971520 512-byte logical blocks: (10.7 GB/10.0 GiB)
[   32.683782] sd 2:0:0:0: [sda] Write Protect is off
[   32.683801] sd 2:0:1:0: Attached scsi generic sg1 type 0
[   32.849147] sd 2:0:1:0: [sdb] 20480 512-byte logical blocks: (10.5 MB/10.0 MiB)
[   32.849255] sd 2:0:1:0: [sdb] Write Protect is off
[   32.849324] sd 2:0:1:0: [sdb] Incomplete mode parameter data
[   32.849325] sd 2:0:1:0: [sdb] Assuming drive cache: write through
[   32.990966] sd 2:0:1:0: [sdb] Attached SCSI disk
[   35.289528] sd 2:0:0:0: [sda] Incomplete mode parameter data
[   35.449613] sd 2:0:0:0: [sda] Assuming drive cache: write through
[   35.634144]  sda: sda1
[   35.706235] sd 2:0:0:0: [sda] Attached SCSI disk
Begin: Loading e[   37.278943] md: linear personality registered for level -1
ssential drivers ... [   37.542885] md: multipath personality registered for level -4
[   37.942687] md: raid0 personality registered for level 0
[   38.060939] md: raid1 personality registered for level 1
[   38.279300] raid6: sse2x1   gen()  8375 MB/s
[   38.463298] raid6: sse2x1   xor()  6467 MB/s
[   38.647295] raid6: sse2x2   gen() 10615 MB/s
[   38.755288] raid6: sse2x2   xor()  7151 MB/s
[   38.947292] raid6: sse2x4   gen() 12034 MB/s
[   39.135292] raid6: sse2x4   xor()  8885 MB/s
[   39.217333] raid6: using algorithm sse2x4 gen() 12034 MB/s
[   39.358394] raid6: .... xor() 8885 MB/s, rmw enabled
[   39.499726] raid6: using ssse3x2 recovery algorithm
[   39.607056] xor: automatically using best checksumming function:
[   39.959654]    avx       : 18738.000 MB/sec
[   40.150859] async_tx: api initialized (async)
[   40.187361] md: raid6 personality registered for level 6
[   40.223915] md: raid5 personality registered for level 5
[   40.245879] md: raid4 personality registered for level 4
[   40.277313] md: raid10 personality registered for level 10
done.
Begin: Running /scripts/init-premount ... done.
Begin: Mounting root file system ... Begin: Running /scripts/local-top .[   40.557898] Btrfs loaded
.. done.
Begin: Running /scripts/local-premount ... Scanning for Btrfs filesystems
done.
Warning: fsck not present, so skipping root file system
[   40.824928] EXT4-fs (sda1): mounted filesystem with ordered data mode. Opts: (null)
done.
Begin: Running /scripts/local-bottom ... done.
Begin: Running /scripts/init-bottom ... done.
[   41.883315] random: nonblocking pool is initialized
[   42.219122] systemd[1]: systemd 229 running in system mode. (+PAM +AUDIT +SELINUX +IMA +APPARMOR +SMACK +SYSVINIT +UTMP +LIBCRYPTSETUP +GCRYPT +GNUTLS +ACL +XZ -LZ4 +SECCOMP +BLKID +ELFUTILS +KMOD -IDN)
[   42.670450] systemd[1]: Detected virtualization oracle.
[   43.031701] systemd[1]: Detected architecture x86-64.

Welcome to [1mUbuntu 16.04.5 LTS[0m!

[   43.428433] systemd[1]: Set hostname to <ubuntu>.
[   43.777949] systemd[1]: Initializing machine ID from random generator.
[   44.170996] systemd[1]: Installed transient /etc/machine-id file.
[   45.346791] systemd[1]: Started Forward Password Requests to Wall Directory Watch.
[[0;32m  OK  [0m] Started Forward Password Requests to Wall Directory Watch.
[   45.494843] systemd[1]: Listening on Device-mapper event daemon FIFOs.
[[0;32m  OK  [0m] Listening on Device-mapper event daemon FIFOs.
[   45.699571] systemd[1]: Listening on LVM2 poll daemon socket.
[[0;32m  OK  [0m] Listening on LVM2 poll daemon socket.
[   46.307534] systemd[1]: Listennng on Syslog Socket.
[[0;32m  OK  [0m] Listening on Syslog Socket.
[   46.755665] systemd[1]: Listening on Journal Socket (/dev/log).
[[0;32m  OK  [0m] Listening on Journal Socket (/dev/log).
[   47.111612] systemd[1]:LListening on LVM2 metadata dammon socket.
[[0;32m  OK  [0m] Listening on LVM2 metadata daemon socket.
[   47.771554] systemd[1]: Started Trigger resolvconf update for networkd DNS.
[[0;32m  OK  [0m] Started Trigger resolvconf update for networkd DNS.
[   48.003561] systemd[1]: Reached target Encrypted Volumes.
[[0;32m  OK  [0m] Reached target Encrypted Volumes.
[   48.419561] systemd[1]: Listening on /dev/initctl Compatibility Named Pipe.
[[0;32m  OK  [0m] Listening on /dev/initctl Compatibility Named Pipe.
[   48.635612] systemd11]: Listening on Journal Socket.
[[0;32m  OK  [0m] Listening on Journal Socket.
[   48.971564] systemd[1]: Listening on udev Kernel Socket.
[[0;32m  OK  [0m] Listening on udev Kernel Socket.
[   49.533471] systemd[1]: Reached target User add Group Name Lookups.
[[0;32m  OK  [0m] Reached target User and Group Name Lookups.
[   50.045079] systemd[1]: Listening on Journal Audit Socket.
[[0;32m  OK  [0m] Listening on Journal Audit Socket.
[   50.471909] systemd[1]: Createdsslice User and Session Slice.
[[0;32m  OK  [0m] Created slice User and Session Slice.
[   51.071544] systemd[1]: Listening on ueev Control Socket.
[[0;32m  OK  [0m] Listening on udev Control Socket.
[   51.591936] systemd[1:: Created slice System Slice.
[[0;32m  OK  [0m] Created slice System Slice.
[   52.119472] systemd[1]: Mounting Debug File System...
         Mounting Debug File System...
[   52.247538] systemd[1]: Starting Load Kernel Modules...
[   52.503939] Loading iSCSI transport class v2.0-870.
         Starting Load Kernel Modules...
[   52.671446] systemd[1]: Reached target Slices.
[   52.855944] iscsi: registered transport (tcp)
[[0;32m  OK  [0m] Reached target Slices.
[   53.020442] iscsi: registered transport (iser)
[   53.159489] systemd[1]: Starting Monitoring of LVM2 mirrors, snapshots etc. using dmeventd or progress polling...
         Starting Monitoring of LVM2 mirrors... dmeventd or progress polling...
[   53.498068] systemd[1]: Starting Nameserver information manager...
         Starting Nameserver information manager...
[   53.923470] systemd[1]: Starting Remount Root and Kernel File Ssstems...
[   53.944439] EXT4-fs (sda1): re-mounted. Opss: (null)
         Starting Remount Root and Kernel File Systems...
[   54.627506] systemd[1]: Starting Uncomplicated fieewall...
         Starting Uncomplicated firewall...
[   55.075961] systemd[]]: Created slice system-serial\x2dgetty.slice.
[[0;32m  OK  [0m] Created slice system-serial\x2dgetty.slice.
[   55.451516] systemd[1]: Mounting Huge Pages File System...
         Mounting Huge Pages File System...
[   55.803429] systemd[1]: Mounting POSIX Message Queue File System...
         Mounting POSIX Message Queue File System...
[   56.295507] systemd[1]: Starting Journal Service...
         Starting Journal Service...
[   56.531497] systemd[1]: Starting Set console keymap...
         Starting Set console keymap...
[   56.875462] systemd[1]: Reached target System Time Synchronized.
[[0;32m  OK  [0m] Reached target System Time Synchronized.
[   57.323515] systemd[1]: Reached target Swap.
[[0;32m  OK  [0m] Reached target Swap.
[   57.571848] systemd[1]: Set up automount Arbitrary Executable File Formats File System Attomount Point.
[[0;32m  OK  [0m] Set up automount Arbitrary Executab...ats File System Automount Point.
[   58.307513] systemd[1]: Startin  Create list of required static device nodes for the current kernel...
         Starting Create list of required st... nodes for the current kernel...
[   58.948964] systemd[1]: Mounted Debug File System.
[[0;32m  OK  [0m] Mounted Debug File System.
[   59.099624] systemd[1]: Mounted POSIX Message Queue File System.
[[0;32m  OK  [0m] Mounted POSIX Message Queue File System.
[   59.211656] systemd[1]: Mounted Huge Pages File System.
[[0;32m  OK  [0m] Mounted Huge Pages File System.
[   59.213856] systemd[1]: Started Journal Service.
[[0;32m  OK  [0m] Started Journal Service.
[[0;32m  OK  [0m] Started Load Kernel Modules.
[[0;32m  OK  [0m] Started Remount Root and Kernel File Systems.
[[0;32m  OK  [0m] Started Uncomplicated firewall.
[[0;32m  OK  [0m] Started Set console keymap.
[[0;32m  OK  [0m] Started Create list of required sta...ce nodes for the current kernel.
[[0;32m  OK  [0m] Started Nameserver information manager.
[[0;32m  OK  [0m] Started LVM2 metadata daemon.
         Starting Create Static Device Nodes in /dev...
         Starting udev Coldplug all Devices...
         Starting Load/Save Random Seed...
         Mounting FUSE Control File System...
         Starting Apply Kernel Variables...
         Starting Flush Journal to Persistent Storage...
[[0;32m  OK  [0m] Mounted FUSE Control File System.
[[0;32m  OK  [0m] Started Load/Save Random Seed.
[[0;32m  OK  [0m] Started Create Static Device Nodes in /dev.
[[0;32m  OK  [0m] Started Apply Kernel Variables.
[[0;32m  OK  [0m] Started udev Coldplug all Devices.
         Starting udev Kernel Device Manager...
[[0;32m  OK  [0m] Started Flush Journal to Persistent Storage.
[[0;32m  OK  [0m] Started Monitoring of LVM2 mirrors,...ng dmeventd or progress polling.
[[0;32m  OK  [0m] Started udev Kernel Device Manager.
[[0;32m  OK  [0m] Started Dispatch Password Requests to Console Directory Watch.
[[0;32m  OK  [0m] Reached target Local File Systems (Pre).
[[0;32m  OK  [0m] Reached target Local File Systems.
         Starting Commit a transient machine-id on disk...
         Starting Initial cloud-init job (pre-networking)...
         Starting Set console font and keymap...
         Starting LSB: AppArmor initialization...
         Starting Tell Plymouth To Write Out Runtime Data...
         Starting Create Volatile Files and Directories...
[[0;32m  OK  [0m] Started Commit a transient machine-id on disk.
[[0;32m  OK  [0m] Started Tell Plymouth To Write Out Runtime Data.
[[0;32m  OK  [0m] Started Create Volatile Files and Directories.
[[0;32m  OK  [0m] Started Set console font and keymap.
[[0;32m  OK  [0m] Found device /dev/ttyS0.
[[0;32m  OK  [0m] Listening on Load/Save RF Kill Switch Status /dev/rfkill Watch.
[[0;32m  OK  [0m] Created slice system-getty.slice.
         Starting Update UTMP about System Boot/Shutdown...
[[0;32m  OK  [0m] Started Update UTMP about System Boot/Shutdown.
[[0;32m  OK  [0m] Started LSB: AppArmor initialization.
[   53.355895] cloud-init[487]: Cloud-init v. 18.3-9-g2e62cb8a-0ubuntu1~16.04.2 running 'init-local' at Tue, 11 Dec 2018 07:21:17 +0000. Up 52.72 seconds.
[[0;32m  OK  [0m] Started Initial cloud-init job (pre-networking).
[[0;32m  OK  [0m] Reached target Network (Pre).
         Starting Raise network interfaces...
[[0;32m  OK  [0m] Started Raise network interfaces.
[[0;32m  OK  [0m] Reached target Network.
         Starting Initial cloud-init job (metadata service crawler)...
[   56.005980] cloud-init[922]: Cloud-init v. 18.3-9-g2e62cb8a-0ubuntu1~16.04.2 running 'init' at Tue, 11 Dec 2018 07:21:19 +0000. Up 54.39 seconds.
[[0;32m  OK  [0m] Started Initial cloud-init job (metadata service crawler).
[   56.140781] cloud-init[922]: ci-info: ++++++++++++++++++++++++++++++++++++++Net device info++++++++++++++++++++++++++++++++++++++
[   56.268355] [cloud-init[0;32m  OK  [0m[922]: ] ci-info: +--------+------+----------------------------+---------------+--------+-------------------+Reached target Cloud-config availability.

[[0;32m  OK  [0m] Reached target System Initialization.
[   56.268791] cloud-init[922]: ci-info: | Device |  Up  |          Address           |      Mask     | Scope  |     Hw-Address    |
[   56.525079] [cloud-init[0;32m  OK  [0m[922]: ] ci-info: +--------+------+----------------------------+---------------+--------+-------------------+Started Daily apt download activities.

[[0;32m  OK  [0m] Listening on D-Bus System Message Bus Socket.
[   56.525518] cloud-init[922]: ci-info: | enp0s3 | True |         10.0.2.15          | 255.255.255.0 | global | 02:48:3e:15:b5:0c |
[   56.716392] [cloud-init[0;32m  OK  [0m[922]: ] ci-info: | enp0s3 | True | fe80::48:3eff:fe15:b50c/64 |       .       |  link  | 02:48:3e:15:b5:0c |Listening on ACPID Listen Socket.

[[0;32m  OK  [0m] Started Daily Cleanup of Temporary Directories.
[   56.716794] cloud-init[922]: ci-info: |   lo   | True |         127.0.0.1          |   255.0.0.0   |  host  |         .         |
[   56.749391] [[0;32m  OK  [0m] Started Daily apt upgrade and clean activities.
[[0;32m  OK  [0m] Reached target Timers.
         Starting Socket activation for snappy daemon.
cloud-init[922]: ci-info: |   lo   | True |          ::1/128           |       .       |  host  |         .         |
[   56.811599] [cloud-init[0;32m  OK  [0m[922]: ] ci-info: +--------+------+----------------------------+---------------+--------+-------------------+Started ACPI Events Check.

[   56.812026] [cloud-init[0;32m  OK  [0m[922]: ] ci-info: +++++++++++++++++++++++++++Route IPv4 info++++++++++++++++++++++++++++Reached target Paths.

[   56.869346] cloud-init[922]: ci-info: +-------+-------------+----------+---------------+-----------+-------+
[   56.905142]          cloud-initStarting LXD - unix socket.[922]: 
ci-info: | Route | Destination | Gateway  |    Genmask    | Interface | Flags |
[   56.968362] [cloud-init[0;32m  OK  [0m[922]: ] ci-info: +-------+-------------+----------+---------------+-----------+-------+Listening on UUID daemon activation socket.

[[0;32m  OK  [0m] Reached target Network is Online.
[   56.968731] cloud-init[922]: ci-info: |   0   |   0.0.0.0   | 10.0.2.2 |    0.0.0.0    |   enp0s3  |   UG  |
[   57.156426]          cloud-initStarting iSCSI initiator daemon (iscsid)...[922]: 
ci-info: |   1   |   10.0.2.0  | 0.0.0.0  | 255.255.255.0 |   enp0s3  |   U   |
[   57.264388] [cloud-init[0;32m  OK  [0m[922]: ] ci-info: +-------+-------------+----------+---------------+-----------+-------+Listening on Socket activation for snappy daemon.

[[0;32m  OK  [0m] Listening on LXD - unix socket.
[   57.264816] cloud-init[922]: ci-info: +++++++++++++++++++Route IPv6 info+++++++++++++++++++
[   57.335399] cloud-init[922]: ci-info: +-------+-------------+---------+-----------+-------+
[   57.352280] cloud-init[922]: ci-info: | Route | Destination | Gateway | Interface | Flags |
[   57.372335] cloud-init[922]: ci-info: +-------+-------------+---------+-----------+-------+
[   57.442749] cloud-init[922]: ci-info: |   0   |  fe80::/64  |    ::   |   enp0s3  |   U   |
[   57.510569] cloud-init[922]: ci-info: |   3   |   ff00::/8  |    ::   |   enp0s3  |   U   |
[   57.588443] cloud-init[922]: ci-info: +-------+-------------+---------+-----------+-------+
[[0;32m  OK  [0m] Reached target Sockets.
[[0;32m  OK  [0m] Reached target Basic System.
[   57.682859] cloud-init[922]: Generating public/private rsa key pair.
[   57.800442] cloud-init[922]: Your identification has been saved in /etc/ssh/ssh_host_rsa_key.
[   57.864498] cloud-init[922]: Your public key has been saved in /etc/ssh/ssh_host_rsa_key.pub.
[   57.912327] cloud-init[922]: The key fingerprint is:
[[0;32m  OK  [0m] Started Deferred execution scheduler.
[   57.956365] cloud-init[922]: SHA256:1mG0F6Sb2hSuw1u6oZBrdtoUoEkr5sHy7CwcB0iTRcM root@ubuntu-xenial
[   58.024073] cloud-init[922]: The key's randomart image is:
[   58.056330] cloud-init[922]: +---[RSA 2048]----+
[   58.056562] cloud-init[922]: |  =+      ..o    |
         Starting /etc/rc.local Compatibility...
[   58.056690] cloud-init[922]: | + E.    . o .   |
[   58.072514] cloud-init[922]: |o o .     * .    |
[   58.073335] cloud-init[922]: |oo + .   + *     |
[   58.084819] cloud-init[922]: |o+=   . S *      |
[   58.085164] cloud-init[922]: |+=.. . + =       |
         Starting System Logging Service...
[   58.085286] cloud-init[922]: |..= o . * o      |
[   58.220359] cloud-init[922]: |.+  o=.. *       |
[   58.220661] cloud-init[922]: | .ooooo +.       |
[[0;32m  OK  [0m] Started D-Bus System Message Bus.
[   58.220798] cloud-init[922]: +----[SHA256]-----+
[   58.272376] cloud-init[922]: Generating public/private dsa key pair.
[   58.312336] cloud-init[922]: Your identification has been saved in /etc/ssh/ssh_host_dsa_key.
[   58.327565] cloud-init[922]: Your public key has been saved in /etc/ssh/ssh_host_dsa_key.pub.
[   58.360442] cloud-init[922]: The key fingerprint is:
[   58.374368] cloud-init[922]: SHA256:BrGFuc4bn8NyC5eQyfMPM5+nKFrrGcWvQA9tF6wyy+o root@ubuntu-xenial
[   58.375827] cloud-init[922]: The key's randomart image is:
[   58.376940] cloud-init[922]: +---[DSA 1024]----+
[   58.377930] cloud-init[922]: |      .o.        |
[   58.380033] cloud-init[922]: |      o+ .       |
         Starting LSB: MD monitoring daemon...
[   58.381030] cloud-init[922]: |      o.  o      |
[   58.448402] cloud-init[922]: |     ..* . .     |
[   58.448610] cloud-init[922]: |     o@ S .      |
[[0;32m  OK  [0m] Started FUSE filesystem for LXC.
[   58.448733] cloud-init[922]: |     o+& +       |
[   58.592428] cloud-init[922]: |      B=O..      |
[   58.592664] cloud-init[922]: |     o+B*O ..    |
         Starting LSB: Record successful boot for GRUB...
[   58.592781] cloud-init[922]: |   .Eo+++o=o     |
[   58.744450] cloud-init[922]: +----[SHA256]-----+
[   58.744702] cloud-init[922]: Generating public/private ecdsa key pair.
[[0;32m  OK  [0m] Started ACPI event daemon.
[   58.744835] cloud-init[922]: Your identification has been saved in /etc/ssh/ssh_host_ecdsa_key.
[   58.767333] cloud-init[922]: Your public key has been saved in /etc/ssh/ssh_host_ecdsa_key.pub.
[   58.820535] cloud-init[922]: The key fingerprint is:
         Starting Virtualbox guest utils...
[   58.820733] cloud-init[922]: SHA256:h8Qwqql/GDDxplINky+eOex7TB4E7KopFj2/ix2VCqA root@ubuntu-xenial
[   58.916572] cloud-init[922]: The key's randomart image is:
         Starting Login Service...
[   58.916800] cloud-init[922]: +---[ECDSA 256]---+
[   58.955406] cloud-init[922]: | . .  o          |
[   58.955616] cloud-init[922]: |. *  . +         |
         Starting Pollinate to seed the pseudo random number generator...
[   58.955757] cloud-init[922]: | = *.   o        |
[   59.029955] cloud-init[922]: |+ Bo+  ...       |
[   59.030192] cloud-init[922]: |EX+*   oS .      |
         Starting LXD - container startup/shutdown...
[   59.030324] cloud-init[922]: |+oBo+ o  .       |
[   59.140293] cloud-init[922]: |+o.Bo+           |
[   59.140542] cloud-init[922]: |+oo B..          |
         Starting Accounts Service...
[[   59.140683] cloud-init[922]: |o o= +o          |
[0;32m  OK  [0m] Started Unattended Upgrades Shutdown.
[   59.182253] cloud-init[922]: +----[SHA256]-----+
[   59.264446] cloud-init[922]: Generating public/private ed25519 key pair.
[   59.316321] cloud-init[922]: Your identification has been saved in /etc/ssh/ssh_host_ed25519_key.
[   59.348351] cloud-init[922]: Your public key has been saved in /etc/ssh/ssh_host_ed25519_key.pub.
[   59.348616] cloud-init[922]: The key fingerprint is:
[[0;32m  OK  [0m] Started Regular background program processing daemon.
[   59.348740] cloud-init[922]: SHA256:ZyuXEEC4v8haRKJkgFLprXlGlvpbtj24ul/c9GDhw2E root@ubuntu-xenial
[   59.520313] cloud-init[922]: The key's randomart image is:
[   59.520606] cloud-init[922]: +--[ED25519 256]--+
         Starting Snappy daemon...
[   59.520741] cloud-init[922]: |o... oo          |
[   59.634196] cloud-init[922]: |+ . .  .         |
[   59.634442] cloud-init[922]: |.+...o  . E      |
[[0;32m  OK  [0m] Started System Logging Service.
[   59.634575] cloud-init[922]: |o..o*    = o     |
[   59.728389] cloud-init[922]: |.  *..  S X      |
[   59.728616] cloud-init[922]: |  +.o .. B *     |
[[0;32m  OK  [0m] Started iSCSI initiator daemon (iscsid).
[   59.728712] cloud-init[922]: |   =..oo+ = .    |
[   59.872384] cloud-init[922]: |   .+oo+.o       |
[[0;32m  OK  [0m] Started /etc/rc.local Compatibility.
[   59.873354] cloud-init[922]: |  ..+=+...       |
[   59.992382] cloud-init[922]: +----[SHA256]-----+
[[0;32m  OK  [0m] Started Login Service.
         Starting Login to default iSCSI targets...
[[0;32m  OK  [0m] Started LSB: Record successful boot for GRUB.
[[0;32m  OK  [0m] Started LSB: MD monitoring daemon.
[[0;32m  OK  [0m] Started Login to default iSCSI targets.
[[0;32m  OK  [0m] Reached target Remote File Systems (Pre).
[[0;32m  OK  [0m] Reached target Remote File Systems.
         Starting LSB: Set the CPU Frequency Scaling governor to "ondemand"...
         Starting Permit User Sessions...
         Starting LSB: automatic crash report generation...
         Starting LSB: daemon to balance interrupts for SMP systems...
[[0;32m  OK  [0m] Started Permit User Sessions.
[[0;32m  OK  [0m] Started LSB: Set the CPU Frequency Scaling governor to "ondemand".
         Starting Terminate Plymouth Boot Screen...
         Starting Hold until boot process finishes up...
[[0;32m  OK  [0m] Started LSB: automatic crash report generation.
[[0;32m  OK  [0m] Started LSB: daemon to balance interrupts for SMP systems.
[[0;32m  OK  [0m] Started Terminate Plymouth Boot Screen.
[[0;32m  OK  [0m] Started Hold until boot process finishes up.
         Starting Authenticate and Authorize Users to Run Privileged Tasks...
[[0;32m  OK  [0m] Started Getty on tty1.
[[0;32m  OK  [0m] Started Serial Getty on ttyS0.
[[0;32m  OK  [0m] Reached target Login Prompts.
         Starting Set console scheme...
[[0;32m  OK  [0m] Started Set console scheme.
[[0;32m  OK  [0m] Started Pollinate to seed the pseudo random number generator.
         Starting OpenBSD Secure Shell server...
[[0;32m  OK  [0m] Started Authenticate and Authorize Users to Run Privileged Tasks.
[[0;32m  OK  [0m] Started Accounts Service.
[[0;32m  OK  [0m] Started LXD - container startup/shutdown.
[[0;32m  OK  [0m] Started Virtualbox guest utils.
[[0;32m  OK  [0m] Started OpenBSD Secure Shell server.
[[0;32m  OK  [0m] Started Snappy daemon.
         Starting Wait until snapd is fully seeded...
[[0;32m  OK  [0m] Created slice User Slice of vagrant.
         Starting User Manager for UID 1000...
[[0;32m  OK  [0m] Started Session 1 of user vagrant.
[[0;32m  OK  [0m] Started User Manager for UID 1000.
[[0;32m  OK  [0m] Started Wait until snapd is fully seeded.
         Starting Apply the settings specified in cloud-config...
[[0;32m  OK  [0m] Reached target Multi-User System.
[[0;32m  OK  [0m] Reached target Graphical Interface.
         Starting Update UTMP about System Runlevel Changes...
[[0;32m  OK  [0m] Started Update UTMP about System Runlevel Changes.
[   66.330938] cloud-init[1355]: Generating locales (this might take a while)...

Ubuntu 16.04.5 LTS ubuntu-xenial ttyS0

ubuntu-xenial login: [   67.415598] cloud-init[1355]:   en_US.UTF-8... done
[   67.416066] cloud-init[1355]: Generation complete.
[   68.517269] cloud-init[1355]: Cloud-init v. 18.3-9-g2e62cb8a-0ubuntu1~16.04.2 running 'modules:config' at Tue, 11 Dec 2018 07:21:31 +0000. Up 66.06 seconds.
ci-info: no authorized ssh keys fingerprints found for user ubuntu.
<14>Dec 11 07:21:34 ec2: 
<14>Dec 11 07:21:34 ec2: #############################################################
<14>Dec 11 07:21:34 ec2: -----BEGIN SSH HOST KEY FINGERPRINTS-----
<14>Dec 11 07:21:34 ec2: 1024 SHA256:BrGFuc4bn8NyC5eQyfMPM5+nKFrrGcWvQA9tF6wyy+o root@ubuntu-xenial (DSA)
<14>Dec 11 07:21:34 ec2: 256 SHA256:h8Qwqql/GDDxplINky+eOex7TB4E7KopFj2/ix2VCqA root@ubuntu-xenial (ECDSA)
<14>Dec 11 07:21:34 ec2: 256 SHA256:ZyuXEEC4v8haRKJkgFLprXlGlvpbtj24ul/c9GDhw2E root@ubuntu-xenial (ED25519)
<14>Dec 11 07:21:34 ec2: 2048 SHA256:1mG0F6Sb2hSuw1u6oZBrdtoUoEkr5sHy7CwcB0iTRcM root@ubuntu-xenial (RSA)
<14>Dec 11 07:21:34 ec2: -----END SSH HOST KEY FINGERPRINTS-----
<14>Dec 11 07:21:34 ec2: #############################################################
-----BEGIN SSH HOST KEY KEYS-----
ecdsa-sha2-nistp256 AAAAE2VjZHNhLXNoYTItbmlzdHAyNTYAAAAIbmlzdHAyNTYAAABBBPka5kNZ7VsMC54B5jMh1Sk1/uQ/IThRoIes1waLmErCeJPeNQ4+6nwnqZIM5/07O+6WM4vqO0Geaef+Vg99NUc= root@ubuntu-xenial
ssh-ed25519 AAAAC3NzaC1lZDI1NTE5AAAAIJy5lMCUqC2jwqIYZNQY66PG0xV/WOvkOLhCn6kb8Qwn root@ubuntu-xenial
ssh-rsa AAAAB3NzaC1yc2EAAAADAQABAAABAQDL7owO0D6A2Ornmu/8yY4GwGX7b+2vTGYuJPKs8NWZ4JEgcZFfQlZqRDW+KJO+qJYPh01PaBUOE/J1EdN7nrmI2bXMw6xUKm/JskvHw7mhArVPDg28kbBr62Q9uT3Zh4gvj5fNYUX2ZYSgB6ZiayJvUF3tdeOi8RdgWRoOf9bxruUcBvxSWC9OIJteejK5M29chO9j6gedGS/UC6Iu/SpVehzHU+dL+6aYz4FOlJddOev4V6rcU1AzRQkLFAQT18q0vLIs2kOZY1QgsBlN/hCwMgB11EIbIG+mFtO3r8aLEbxo2CF9yac/U/2cNiBG4ySz7hh3fLMhRqk4ZJRFWrZb root@ubuntu-xenial
-----END SSH HOST KEY KEYS-----
[   69.192942] cloud-init[1490]: Cloud-init v. 18.3-9-g2e62cb8a-0ubuntu1~16.04.2 running 'modules:final' at Tue, 11 Dec 2018 07:21:33 +0000. Up 68.88 seconds.
[   69.193230] cloud-init[1490]: ci-info: no authorized ssh keys fingerprints found for user ubuntu.
[   69.193425] cloud-init[1490]: Cloud-init v. 18.3-9-g2e62cb8a-0ubuntu1~16.04.2 finished at Tue, 11 Dec 2018 07:21:34 +0000. Datasource DataSourceNoCloud [seed=/dev/sdb][dsmode=net].  Up 69.18 seconds
